// Jest Snapshot v1, https://goo.gl/fbAQLP

exports[`LissajousLoader canvas test 1`] = `
<canvas
  data-snapshot-image="data:image/png;base64,iVBORw0KGgoAAAANSUhEUgAAADIAAAAyCAYAAAAeP4ixAAAABmJLR0QA/wD/AP+gvaeTAAAAVklEQVRoge3XMQ3AMAADQUMJkA5R+RNpUXQohUixojsE/tFJ8iaZOcCV5Ely7x6ygphWYlqJaSWmlZhWYlqJaSWm1VExM/9tHntnrDF2DwAAAAAAgDofb1Eb03tLQcIAAAAASUVORK5CYII="
  height="50"
  width="50"
/>
`;
