// Jest Snapshot v1, https://goo.gl/fbAQLP

exports[`LissajousLoader canvas test 1`] = `
<canvas
  data-snapshot-image="data:image/png;base64,iVBORw0KGgoAAAANSUhEUgAAADIAAAAyCAYAAAAeP4ixAAAABmJLR0QA/wD/AP+gvaeTAAAAX0lEQVRoge3YMQ3AMADEQEMJkA5R+RNpUXQohUixIh+C9/oALzA5wAU8wL17yArFWBVjVYxVMVbFWBVjVYxVMVbFWBVjVYxVMVbFWB0VM/mP87F3xhpj94AkSZIkSeQ+lTUp2Xu69dUAAAAASUVORK5CYII="
  height="50"
  width="50"
/>
`;
